// Jest Snapshot v1, https://goo.gl/fbAQLP

exports[`should render DashboardPage correctly 1`] = `
<div>
  Dashboard page content
  <Link
    className="button"
    replace={false}
    to="/create"
  >
    Add Item
  </Link>
</div>
`;
