// Jest Snapshot v1, https://goo.gl/fbAQLP

exports[`should render header correctly 1`] = `
<header
  className="header"
>
  <div
    className="content-container"
  >
    <div
      className="header__content"
    >
      <Link
        className="header__title"
        replace={false}
        to="/dashboard"
      >
        <h1>
          BarterBro
        </h1>
      </Link>
      <div
        className="header__content"
      >
        <img
          className="image-profile"
        />
        <span
          className="button button--link"
        />
        <button
          className="button button--link"
          onClick={[Function]}
        >
          SIGN-OUT
        </button>
      </div>
    </div>
  </div>
</header>
`;
